// Jest Snapshot v1, https://goo.gl/fbAQLP

exports[`Loader renders component 1`] = `
<ContentLoader
  height={480}
>
  <UNDEFINED>
    <circle
      cx="30"
      cy="25"
      r="15"
    />
    <rect
      height="14"
      rx="4"
      ry="4"
      width="85"
      x="55"
      y="18"
    />
    <rect
      height="450"
      rx="5"
      ry="5"
      width="400"
      x="10"
      y="50"
    />
  </UNDEFINED>
</ContentLoader>
`;
