// Jest Snapshot v1, https://goo.gl/fbAQLP

exports[`DateTimePicker renders component 1`] = `
<TextField
  InputLabelProps={
    Object {
      "shrink": true,
    }
  }
  className=""
  disabled={false}
  id="test-picker"
  label="Date Time"
  onChange={null}
  required={false}
  select={false}
  type="datetime-local"
  value="2018-02-03T18:21"
/>
`;

exports[`DateTimePicker renders component 2`] = `
Object {
  "InputLabelProps": Object {
    "shrink": true,
  },
  "className": "",
  "disabled": false,
  "id": "test-picker",
  "label": "Date Time",
  "onChange": null,
  "required": false,
  "select": false,
  "type": "datetime-local",
  "value": "2018-02-03T18:21",
}
`;
